// Jest Snapshot v1, https://goo.gl/fbAQLP

exports[`renders homepage unchanged 1`] = `
<div>
  <div>
    <div>
      <form>
        <input
          type="text"
          value=""
        />
        <button>
          click
        </button>
      </form>
    </div>
  </div>
</div>
`;
